// Jest Snapshot v1, https://goo.gl/fbAQLP

exports[`renders elements on calculator page 1`] = `
<main
  className="app"
>
  <h2>
    Let's do some math!
  </h2>
  <div>
    <div
      className="display"
    >
      <span />
    </div>
    <div
      className="button-panel"
    >
      <div>
        <button
          className="button-grey"
          onClick={[Function]}
          type="button"
        >
          AC
        </button>
        <button
          className="button-grey"
          onClick={[Function]}
          type="button"
        >
          +/-
        </button>
        <button
          className="button-grey"
          onClick={[Function]}
          type="button"
        >
          %
        </button>
        <button
          className="button-default"
          onClick={[Function]}
          type="button"
        >
          /
        </button>
      </div>
      <div>
        <button
          className="button-grey"
          onClick={[Function]}
          type="button"
        >
          7
        </button>
        <button
          className="button-grey"
          onClick={[Function]}
          type="button"
        >
          8
        </button>
        <button
          className="button-grey"
          onClick={[Function]}
          type="button"
        >
          9
        </button>
        <button
          className="button-default"
          onClick={[Function]}
          type="button"
        >
          x
        </button>
      </div>
      <div>
        <button
          className="button-grey"
          onClick={[Function]}
          type="button"
        >
          4
        </button>
        <button
          className="button-grey"
          onClick={[Function]}
          type="button"
        >
          5
        </button>
        <button
          className="button-grey"
          onClick={[Function]}
          type="button"
        >
          6
        </button>
        <button
          className="button-default"
          onClick={[Function]}
          type="button"
        >
          -
        </button>
      </div>
      <div>
        <button
          className="button-grey"
          onClick={[Function]}
          type="button"
        >
          1
        </button>
        <button
          className="button-grey"
          onClick={[Function]}
          type="button"
        >
          2
        </button>
        <button
          className="button-grey"
          onClick={[Function]}
          type="button"
        >
          3
        </button>
        <button
          className="button-default"
          onClick={[Function]}
          type="button"
        >
          +
        </button>
      </div>
      <div>
        <button
          className="button-wide"
          onClick={[Function]}
          type="button"
        >
          0
        </button>
        <button
          className="button-grey"
          onClick={[Function]}
          type="button"
        >
          .
        </button>
        <button
          className="button-default"
          onClick={[Function]}
          type="button"
        >
          =
        </button>
      </div>
    </div>
  </div>
</main>
`;
